SPEC SecretKeyFactory REFINES javax.crypto.SecretKeyFactory {
	define algorithm = {"PBEwithSHA256AND128BITAES-CBC-BC", "PBEwithSHA256AND192BITAES-CBC-BC", 
	                    "PBEwithSHA256AND256BITAES-CBC-BC", "PBEwithSHAAND128BITAES-CBC-BC", "PBEwithSHAAND192BITAES-CBC-BC", "PBEwithSHAAND2-KEYTRIPLEDES-CBC", "PBEwithSHAAND256BITAES-CBC-BC",
	                    "PBEwithSHAAND3-KEYTRIPLEDES-CBC", "PBEwithSHAAND40BITRC2-CBC"};
}