SPEC SecretKeyFactory REFINES javax.crypto.SecretKeyFactory {
	define algorithm = {"PBEwithHmacSHA224AndAES_128", "PBEwithHmacSHA224AndAES_256", "PBEwithHmacSHA256AndAES_128", "PBEwithHmacSHA256AndAES_256", 
	                    "PBEwithHmacSHA384AndAES_128", "PBEwithHmacSHA384AndAES_256", "PBEwithHmacSHA512AndAES_128", "PBEwithHmacSHA512AndAES_256", "PBKDF2withHmacSHA224", "PBKDF2withHmacSHA256", 
	                    "PBKDF2withHmacSHA384", "PBKDF2withHmacSHA512"};
}